Building dataset...
    500/8,813 players processed…
    1,000/8,813 players processed…
    1,500/8,813 players processed…
    2,000/8,813 players processed…
    2,500/8,813 players processed…
    3,000/8,813 players processed…
    3,500/8,813 players processed…
    4,000/8,813 players processed…
    4,500/8,813 players processed…
    5,000/8,813 players processed…
    5,500/8,813 players processed…
    6,000/8,813 players processed…
    6,500/8,813 players processed…
    7,000/8,813 players processed…
    7,500/8,813 players processed…
    8,000/8,813 players processed…
    8,500/8,813 players processed…
Done: 1,159,327 obs | label=1: 193,766 (16.7%)
Saved to models\dataset_cache.parquet
